// Jest Snapshot v1, https://goo.gl/fbAQLP

exports[`Step 1 matches snapshot 1`] = `
<div>
  <div
    class="step1"
    data-testid="step1"
  >
    <h1>
      wizard.header
    </h1>
    <div
      class="step1-wrapper"
    >
      <div
        class="step1-wrapper-image-container"
      >
        <img
          alt="Protect your password"
          src="group.svg"
        />
        <p>
          wizard.step1.protect_password
        </p>
      </div>
      <div
        class="step1-wrapper-image-container"
      >
        <img
          alt="Protect your password"
          src="group-3.svg"
        />
        <p>
          wizard.step1.master_key
        </p>
      </div>
    </div>
    <h4>
      wizard.step1.how_it_works_header
    </h4>
    <p>
      wizard.step1.how_it_works
    </p>
    <h4>
      wizard.step1.which_data_header
    </h4>
    <p>
      wizard.step1.which_data
    </p>
    <div
      class="step1-checkbox"
    >
      <label
        class="MuiFormControlLabel-root"
      >
        <span
          aria-disabled="false"
          class="MuiButtonBase-root MuiIconButton-root PrivateSwitchBase-root-1 MuiCheckbox-root MuiCheckbox-colorSecondary MuiIconButton-colorSecondary"
        >
          <span
            class="MuiIconButton-label"
          >
            <input
              class="PrivateSwitchBase-input-4"
              data-indeterminate="false"
              data-testid="privacy-checkbox"
              type="checkbox"
              value=""
            />
            <svg
              aria-hidden="true"
              class="MuiSvgIcon-root"
              focusable="false"
              viewBox="0 0 24 24"
            >
              <path
                d="M19 5v14H5V5h14m0-2H5c-1.1 0-2 .9-2 2v14c0 1.1.9 2 2 2h14c1.1 0 2-.9 2-2V5c0-1.1-.9-2-2-2z"
              />
            </svg>
          </span>
          <span
            class="MuiTouchRipple-root"
          />
        </span>
        <span
          class="MuiTypography-root MuiFormControlLabel-label MuiTypography-body1"
        >
          wizard.step1.checkbox
        </span>
      </label>
    </div>
  </div>
</div>
`;
