// Jest Snapshot v1, https://goo.gl/fbAQLP

exports[`Stepper matches snapshot 1`] = `
<div>
  <div
    class="stepper"
    data-testid="stepper"
  >
    <div
      class="MuiPaper-root MuiStepper-root stepper-container MuiStepper-horizontal MuiPaper-elevation0"
    >
      <div
        class="MuiStep-root MuiStep-horizontal"
        data-testid="step"
      >
        <span
          class="MuiStepLabel-root MuiStepLabel-horizontal"
        >
          <span
            class="MuiStepLabel-iconContainer"
          >
            <svg
              aria-hidden="true"
              class="MuiSvgIcon-root MuiStepIcon-root MuiStepIcon-active"
              focusable="false"
              viewBox="0 0 24 24"
            >
              <circle
                cx="12"
                cy="12"
                r="12"
              />
              <text
                class="MuiStepIcon-text"
                text-anchor="middle"
                x="12"
                y="16"
              >
                1
              </text>
            </svg>
          </span>
          <span
            class="MuiStepLabel-labelContainer"
          />
        </span>
      </div>
      <div
        class="MuiStepConnector-root MuiStepConnector-horizontal Mui-disabled"
      >
        <span
          class="MuiStepConnector-line MuiStepConnector-lineHorizontal"
        />
      </div>
      <div
        class="MuiStep-root MuiStep-horizontal"
        data-testid="step"
      >
        <span
          class="MuiStepLabel-root MuiStepLabel-horizontal Mui-disabled"
        >
          <span
            class="MuiStepLabel-iconContainer"
          >
            <svg
              aria-hidden="true"
              class="MuiSvgIcon-root MuiStepIcon-root"
              focusable="false"
              viewBox="0 0 24 24"
            >
              <circle
                cx="12"
                cy="12"
                r="12"
              />
              <text
                class="MuiStepIcon-text"
                text-anchor="middle"
                x="12"
                y="16"
              >
                2
              </text>
            </svg>
          </span>
          <span
            class="MuiStepLabel-labelContainer"
          />
        </span>
      </div>
      <div
        class="MuiStepConnector-root MuiStepConnector-horizontal Mui-disabled"
      >
        <span
          class="MuiStepConnector-line MuiStepConnector-lineHorizontal"
        />
      </div>
      <div
        class="MuiStep-root MuiStep-horizontal"
        data-testid="step"
      >
        <span
          class="MuiStepLabel-root MuiStepLabel-horizontal Mui-disabled"
        >
          <span
            class="MuiStepLabel-iconContainer"
          >
            <svg
              aria-hidden="true"
              class="MuiSvgIcon-root MuiStepIcon-root"
              focusable="false"
              viewBox="0 0 24 24"
            >
              <circle
                cx="12"
                cy="12"
                r="12"
              />
              <text
                class="MuiStepIcon-text"
                text-anchor="middle"
                x="12"
                y="16"
              >
                3
              </text>
            </svg>
          </span>
          <span
            class="MuiStepLabel-labelContainer"
          />
        </span>
      </div>
    </div>
  </div>
</div>
`;
